c down fraction = 0.020 and down exponent = 0.300
c cubes are emitted to /home/user/hadwiger/phase3/probe/round3/cubes_d14.icnf
c the DIMACS p-line indicates a CNF of 2960 variables and 18089 clauses.
c equivalence reasoning is turned off.
c clause-length heuristic with magic constants: bin = 25.00 and dec = 0.50
c init_lookahead: longest clause has size 4
c number of free variables = 2457
c highest active variable  = 2956
c dynamic_preselect_setsize :: off
c |----------------------------------------------------------------|
c
c
c
c
c
c
c
cc |----------------------------------------------------------------|
c |*
c |**
c |***
c |****
c |*****
c |******
c |*******
c |********
c |*********
c |**********
c |***********
c |************
c |*************
c |**************
c |***************
c |****************
c |*****************
c |******************
c |*******************
c |********************
c |*********************
c |**********************
c |***********************
c |************************
c |*************************
c |**************************
c |***************************
c |****************************
c |*****************************
c |******************************
c |*******************************
c |********************************
c |*********************************
c |**********************************
c |***********************************
c |************************************
c |*************************************
c |**************************************
c |***************************************
c |****************************************
c |*****************************************
c |******************************************
c |*******************************************
c |********************************************
c |*********************************************
c |**********************************************
c |***********************************************
c |************************************************
c |*************************************************
c |**************************************************
c |***************************************************
c |****************************************************
c |*****************************************************
c |******************************************************
c |*******************************************************
c |********************************************************
c |*********************************************************
c |**********************************************************
c |***********************************************************
c |************************************************************
c |*************************************************************
c |**************************************************************
c |***************************************************************
c |****************************************************************
c |****************************************************************
c
c main():: nodeCount: 0
c main():: dead ends in main: 0
c main():: lookAheadCount: 22634979
c main():: unitResolveCount: 436652
c time = 8.14 seconds
c main():: necessary_assignments: 121
c print learnt clauses and cubes
c number of cubes 16384, including 0 refuted leaves
c average weight cubes 2143.541, average weights leaves -nan
