[23:36:14] seed: 由 p3c1_shrink 接力 —— r09a (S_acc 270 粒, |G₂′| 796, |G₃′| 1591; bundle sha 1df4c901719cfb65…, l3 all_ok True, leaf 證明 /mnt/d/hadwiger/release_v1_1_staging/final/L1pp/leaf_proofs)
[23:36:14] 計劃: 每輪剪 20 粒 → 776 → 756 → 736 → 716; 目標 |G₂′| ≤ 716 (Amber) / 觸發線 720 (⇔ |G₃′| ≤ 1439 < 1441); 最多 6 輪, 每輪最多 2 張證書
[23:36:14] ===== round 1/6 (步幅 20): S_acc 270 + 20 → |S| = 290, |G₂′| = 776, |G₃′| = 1551 (未到 1441); 輪上限 6.00 h (+延長 ≤ 1.00 h, 預測 4.50 h); CPU 已用 0.0 / 160; wall 剩 24.0 h =====
[23:36:14] --- round 1 嘗試 r01a (1/2): 第一刀 (S_acc 270 + 候選表下 20 粒) ---
[23:36:14] [buildg2] S=290 粒 [1, 2, 3, 4, 5, 8, …]: G₂′ 776 點 4220 邊 (刪 2044 邊), 22319 子句, 釘 (172,11,166)=(1,2,3), 反 pair 4 條, sha 2bf7f09090413cf8 → /home/user/hadwiger/phase3e/runs/p3e1_step/r01a/base.cnf
[23:36:24] r01a: march_cu -d 14 → 16384 個 cube (含 refuted leaves 0), 9.9 s
[23:36:24] r01a: cnc2k 第 1 次啟動 (time-budget 21590 s 累計, 已用 0 s, 硬殺 +24290 s = budget + drain, keep-dir /mnt/d/hadwiger/phase3e/keep/r01a)
[23:49:29] resume: 掉走 1 個未結算嘅輪記錄 (round > round_done=0); 該輪由頭再開 (已有 cnc_<tag>/state.json 嘅嘗試會 cnc2k --resume, keep 目錄照用)
[23:49:29] resume #1: round_done 0, 步幅 20, S_acc 270 粒 (|G₂′| 796), 之前用時 0.17 h, CPU 已用 0.0 / 300 CPU-h, kept_certified []
[23:49:29] ===== round 1/6 (步幅 20): S_acc 270 + 20 → |S| = 290, |G₂′| = 776, |G₃′| = 1551 (未到 1441); 輪上限 6.00 h (+延長 ≤ 1.00 h, 預測 4.50 h); CPU 已用 0.0 / 300; wall 剩 35.8 h =====
[23:49:29] --- round 1 嘗試 r01a (1/2): 第一刀 (S_acc 270 + 候選表下 20 粒) ---
[23:49:29] [buildg2] S=290 粒 [1, 2, 3, 4, 5, 8, …]: G₂′ 776 點 4220 邊 (刪 2044 邊), 22319 子句, 釘 (172,11,166)=(1,2,3), 反 pair 4 條, sha 2bf7f09090413cf8 → /home/user/hadwiger/phase3e/runs/p3e1_step/r01a/base.cnf
[23:49:29] r01a: cnc2k 第 1 次啟動 (time-budget 21600 s 累計, 已用 668 s, 硬殺 +23632 s = budget + drain, keep-dir /mnt/d/hadwiger/phase3e/keep/r01a)
[23:51:49] resume: 掉走 1 個未結算嘅輪記錄 (round > round_done=0); 該輪由頭再開 (已有 cnc_<tag>/state.json 嘅嘗試會 cnc2k --resume, keep 目錄照用)
[23:51:49] resume #2: round_done 0, 步幅 20, S_acc 270 粒 (|G₂′| 796), 之前用時 0.17 h, CPU 已用 0.0 / 500 CPU-h, kept_certified []
[23:51:49] ===== round 1/6 (步幅 20): S_acc 270 + 20 → |S| = 290, |G₂′| = 776, |G₃′| = 1551 (未到 1441); 輪上限 6.00 h (+延長 ≤ 1.00 h, 預測 4.50 h); CPU 已用 0.0 / 500; wall 剩 59.8 h =====
[23:51:49] --- round 1 嘗試 r01a (1/2): 第一刀 (S_acc 270 + 候選表下 20 粒) ---
[23:51:49] [buildg2] S=290 粒 [1, 2, 3, 4, 5, 8, …]: G₂′ 776 點 4220 邊 (刪 2044 邊), 22319 子句, 釘 (172,11,166)=(1,2,3), 反 pair 4 條, sha 2bf7f09090413cf8 → /home/user/hadwiger/phase3e/runs/p3e1_step/r01a/base.cnf
[23:51:49] r01a: cnc2k 第 1 次啟動 (time-budget 21600 s 累計, 已用 744 s, 硬殺 +23555 s = budget + drain, keep-dir /mnt/d/hadwiger/phase3e/keep/r01a)
[02:23:42] resume: 掉走 1 個未結算嘅輪記錄 (round > round_done=0); 該輪由頭再開 (已有 cnc_<tag>/state.json 嘅嘗試會 cnc2k --resume, keep 目錄照用)
[02:23:42] resume #3: round_done 0, 步幅 20, S_acc 270 粒 (|G₂′| 796), 之前用時 2.50 h, CPU 已用 0.0 / 500 CPU-h, kept_certified []
[02:23:42] ===== round 1/6 (步幅 20): S_acc 270 + 20 → |S| = 290, |G₂′| = 776, |G₃′| = 1551 (未到 1441); 輪上限 6.00 h (+延長 ≤ 1.00 h, 預測 4.50 h); CPU 已用 0.0 / 500; wall 剩 57.5 h =====
[02:23:42] --- round 1 嘗試 r01a (1/2): 第一刀 (S_acc 270 + 候選表下 20 粒) ---
[02:23:42] [buildg2] S=290 粒 [1, 2, 3, 4, 5, 8, …]: G₂′ 776 點 4220 邊 (刪 2044 邊), 22319 子句, 釘 (172,11,166)=(1,2,3), 反 pair 4 條, sha 2bf7f09090413cf8 → /home/user/hadwiger/phase3e/runs/p3e1_step/r01a/base.cnf
[02:23:42] r01a: cnc2k 第 1 次啟動 (time-budget 21600 s 累計, 已用 9483 s, 硬殺 +14817 s = budget + drain, keep-dir /mnt/d/hadwiger/phase3e/keep/r01a)
[04:04:36] r01a: certified —— cube 16384, leaf 完成 16384, mean solve 6.45 s, mean s+v 12.269 s (G₂recon ×2.79, 最長 174.6 s), wall 15537 s (4.32 h = 60.4 CPU-h), leaf 證明保留 16384/16384 (138.2 GB, 搬失敗 0)
[04:05:45]   [G3″] S = 290 粒 G₂ 頂點刪走 → G₂′ 776 點 4220 邊; G₃′ = G₂′ ∪ ρ(G₂′) 1551 點 8442 邊 (G₃ 少咗 580 點 4088 邊)
[04:05:45]   [complete G2p] ✓ [G2p.cvtx] 邊表 == 點集嘅完整單位距離圖 ✓ (4220 條)
[04:05:45]   [complete G3p] ✓ [G3p.cvtx] 邊表 == 點集嘅完整單位距離圖 ✓ (8442 條)
[04:05:45]   [L2″] identity: V(G₂′) ⊂ V(G₃′) (776 點 injective) ✓, E(G₂′) 4220/4220 映落 E(G₃′) ✓; ρ: 776 點 injective ✓, E(G₂′) 4220/4220 映落 E(G₃′) ✓; u′=#111 v′=#733 ρ(v)′=#1508; 邊 v′–ρ(v)′ ✓
[04:05:45]   [L3″] G₃′ 4 色 CNF + 16 引理 (6204 變量 35338 子句, 釘 (1, 2, 95)): kissat UNSAT 0.01s; DRAT 1122 行; drat-trim s VERIFIED ✓
[04:05:45]   [spindle A] G₃′ 1551 點 8442 邊: 菱形 526 個, Moser spindle copies = 0 ✓ (0.01s; 由 G₃ 遺傳, 照跑記錄)
[04:05:45]   [spindle B] spindlefind both: rc=0 ✓
[04:05:45]   [l3g2] 全部通過 ✓: G₂′ 776 點, G₃′ 1551 點 8442 邊; 完整性 ✓/✓, L2″ ✓, L3″ UNSAT VERIFIED ✓, spindle A copies=0 (68.7s)
[04:05:45]   [5 色] [G3p_5col] 1551 點 8442 邊, k=5: CNF 7755 變量 43764 子句, 三角形釘色 (1, 2, 95), 同色對 None; solver=kissat, timeout=3600s
[04:06:04] round 1 結算: certified; 淨剪 20 (S_acc 270 → 290, |G₂′| 776, |G₃′| 1551); B 集合大小 []; 輪 wall 1.70 h (延長 0 s); 用時 4.21 h; CPU 60.4 / 500 CPU-h; keep ['r01a']
[04:06:23] ===== round 2/6 (步幅 20): S_acc 290 + 20 → |S| = 310, |G₂′| = 756, |G₃′| = 1511 (未到 1441); 輪上限 6.00 h (+延長 ≤ 1.00 h, 預測 4.75 h); CPU 已用 60.4 / 500; wall 剩 55.8 h =====
[04:06:23] --- round 2 嘗試 r02a (1/2): 第一刀 (S_acc 290 + 候選表下 20 粒) ---
[04:06:41] [buildg2] S=310 粒 [1, 2, 3, 4, 5, 8, …]: G₂′ 756 點 4079 邊 (刪 2185 邊), 21615 子句, 釘 (172,11,166)=(1,2,3), 反 pair 4 條, sha f99f3adf1aff23d3 → /home/user/hadwiger/phase3e/runs/p3e1_step/r02a/base.cnf
[04:06:50] r02a: march_cu -d 14 → 16382 個 cube (含 refuted leaves 2), 9.3 s
[04:07:10] r02a: cnc2k 第 1 次啟動 (time-budget 21553 s 累計, 已用 0 s, 硬殺 +24253 s = budget + drain, keep-dir /mnt/d/hadwiger/phase3e/keep/r02a)
[08:05:37] r02a: certified —— cube 16382, leaf 完成 16382, mean solve 5.901 s, mean s+v 11.306 s (G₂recon ×2.57, 最長 113.2 s), wall 14354 s (3.99 h = 55.8 CPU-h), leaf 證明保留 16382/16382 (144.32 GB, 搬失敗 0)
[08:07:24]   [G3″] S = 310 粒 G₂ 頂點刪走 → G₂′ 756 點 4079 邊; G₃′ = G₂′ ∪ ρ(G₂′) 1511 點 8160 邊 (G₃ 少咗 620 點 4370 邊)
[08:07:24]   [complete G2p] ✓ [G2p.cvtx] 邊表 == 點集嘅完整單位距離圖 ✓ (4079 條)
[08:07:24]   [complete G3p] ✓ [G3p.cvtx] 邊表 == 點集嘅完整單位距離圖 ✓ (8160 條)
[08:07:24]   [L2″] identity: V(G₂′) ⊂ V(G₃′) (756 點 injective) ✓, E(G₂′) 4079/4079 映落 E(G₃′) ✓; ρ: 756 點 injective ✓, E(G₂′) 4079/4079 映落 E(G₃′) ✓; u′=#109 v′=#714 ρ(v)′=#1469; 邊 v′–ρ(v)′ ✓
[08:07:24]   [L3″] G₃′ 4 色 CNF + 16 引理 (6044 變量 34170 子句, 釘 (1, 2, 93)): kissat UNSAT 0.01s; DRAT 1122 行; drat-trim s VERIFIED ✓
[08:07:24]   [spindle A] G₃′ 1511 點 8160 邊: 菱形 514 個, Moser spindle copies = 0 ✓ (0.01s; 由 G₃ 遺傳, 照跑記錄)
[08:07:24]   [spindle B] spindlefind both: rc=0 ✓
[08:07:24]   [l3g2] 全部通過 ✓: G₂′ 756 點, G₃′ 1511 點 8160 邊; 完整性 ✓/✓, L2″ ✓, L3″ UNSAT VERIFIED ✓, spindle A copies=0 (67.0s)
[08:07:44]   [5 色] [G3p_5col] 1511 點 8160 邊, k=5: CNF 7555 變量 42314 子句, 三角形釘色 (1, 2, 93), 同色對 None; solver=kissat, timeout=3600s
[08:08:40] 封存: r02a 已認證 ⇒ 刪上一輪 r01a 嘅 keep 目錄 /mnt/d/hadwiger/phase3e/keep/r01a (17203 檔, 138.20 GB)
[08:09:00] round 2 結算: certified; 淨剪 20 (S_acc 290 → 310, |G₂′| 756, |G₃′| 1511); B 集合大小 []; 輪 wall 4.03 h (延長 0 s); 用時 8.26 h; CPU 116.2 / 500 CPU-h; keep ['r02a']
[08:09:20] ===== round 3/6 (步幅 20): S_acc 310 + 20 → |S| = 330, |G₂′| = 736, |G₃′| = 1471 (未到 1441); 輪上限 6.00 h (+延長 ≤ 1.00 h, 預測 4.39 h); CPU 已用 116.2 / 500; wall 剩 51.7 h =====
[08:09:20] --- round 3 嘗試 r03a (1/2): 第一刀 (S_acc 310 + 候選表下 20 粒) ---
[08:09:40] [buildg2] S=330 粒 [1, 2, 3, 4, 5, 8, …]: G₂′ 736 點 3936 邊 (刪 2328 邊), 20903 子句, 釘 (172,11,166)=(1,2,3), 反 pair 4 條, sha 405a51b80de17d43 → /home/user/hadwiger/phase3e/runs/p3e1_step/r03a/base.cnf
[08:09:49] r03a: march_cu -d 14 → 16384 個 cube (含 refuted leaves 0), 9.0 s
[08:10:08] r03a: cnc2k 第 1 次啟動 (time-budget 21552 s 累計, 已用 0 s, 硬殺 +24252 s = budget + drain, keep-dir /mnt/d/hadwiger/phase3e/keep/r03a)
[08:26:06] !! SAT 染色證書: 736 點染色, 缺色 0, 同色邊 0/3936, col(u)=1 col(v)=3 → 逐邊覆核通過 ✓ (S 含必要頂點) (/home/user/hadwiger/phase3e/runs/p3e1_step/r03a/G2minus_330v.col)
[r03a_G2minus_330v] S=330 粒 → 貪心放返 (試 204 種次序, |B| 分佈 {'34': 3, '35': 22, '36': 33, '37': 51, '38': 40, '39': 30, '40': 13, '41': 7, '42': 5}) 最細擋住集 B = [30, 67, 72, 78, 130, 137, 148, 224, 258, 271, 295, 303, 395, 414, 499, 519, 577, 701, 710, 716, 758, 776, 807, 812, 822, 837, 840, 974, 987, 1026, 1037, 1043, 1057, 1066] (|B|=34, 次序 random_1); 證書: G₂−B 染色 1032 點, 6004/6004 條邊異色 ✓, col(u)=1 ≠ col(v)=3 → /home/user/hadwiger/phase3e/runs/p3e1_step/r03a/witness/r03a_G2minus_330v_minus_blocked.col
[08:26:26] r03a: SAT —— cube 16384, leaf 完成 2887, mean solve 2.46 s, mean s+v 4.476 s (G₂recon ×1.02, 最長 28.1 s), wall 1026 s (0.28 h = 4.0 CPU-h), 擋路集 B (|B|=34) = [30, 67, 72, 78, 130, 137, 148, 224, 258, 271, 295, 303, 395, 414, 499, 519, 577, 701, 710, 716, 758, 776, 807, 812, 822, 837, 840, 974, 987, 1026, 1037, 1043, 1057, 1066]
[08:26:32] r03a: SAT (呢個 S 冇證書可言), 刪 keep 目錄 /mnt/d/hadwiger/phase3e/keep/r03a (2887 檔, 11.30 GB)
[08:26:54] round 3 r03a: SAT → 擋路集 B (|B| = 34, 其中 32 粒喺 S_acc 入面) = [30, 67, 72, 78, 130, 137, 148, 224, 258, 271, 295, 303, 395, 414, 499, 519, 577, 701, 710, 716, 758, 776, 807, 812, 822, 837, 840, 974, 987, 1026, 1037, 1043, 1057, 1066]; 本輪累計排除 34 粒
[08:27:13] --- round 3 嘗試 r03b (2/2): 排除本輪擋路集 34 粒後由候選表補足 34 粒 ---
[08:27:32] [buildg2] S=330 粒 [1, 2, 3, 4, 5, 8, …]: G₂′ 736 點 3914 邊 (刪 2350 邊), 20815 子句, 釘 (172,18,45)=(1,2,3), 反 pair 4 條, sha cd5b9cede7ab04ac → /home/user/hadwiger/phase3e/runs/p3e1_step/r03b/base.cnf
[08:27:42] r03b: march_cu -d 14 → 16384 個 cube (含 refuted leaves 0), 9.9 s
[08:28:00] r03b: cnc2k 第 1 次啟動 (time-budget 20479 s 累計, 已用 0 s, 硬殺 +23179 s = budget + drain, keep-dir /mnt/d/hadwiger/phase3e/keep/r03b)
[08:47:29] !! SAT 染色證書: 736 點染色, 缺色 0, 同色邊 0/3914, col(u)=1 col(v)=2 → 逐邊覆核通過 ✓ (S 含必要頂點) (/home/user/hadwiger/phase3e/runs/p3e1_step/r03b/G2minus_330v.col)
[r03b_G2minus_330v] S=330 粒 → 貪心放返 (試 204 種次序, |B| 分佈 {'37': 1, '38': 2, '39': 6, '40': 14, '41': 37, '42': 40, '43': 53, '44': 29, '45': 12, '46': 8, '47': 2}) 最細擋住集 B = [20, 33, 38, 44, 66, 84, 226, 245, 246, 273, 286, 300, 333, 334, 340, 382, 431, 466, 469, 516, 549, 564, 597, 612, 709, 834, 838, 869, 878, 903, 953, 975, 997, 1001, 1029, 1041, 1047] (|B|=37, 次序 random_110); 證書: G₂−B 染色 1029 點, 5972/5972 條邊異色 ✓, col(u)=1 ≠ col(v)=2 → /home/user/hadwiger/phase3e/runs/p3e1_step/r03b/witness/r03b_G2minus_330v_minus_blocked.col
[08:47:49] r03b: SAT —— cube 16384, leaf 完成 3521, mean solve 2.52 s, mean s+v 4.489 s (G₂recon ×1.02, 最長 25.0 s), wall 1236 s (0.34 h = 4.8 CPU-h), 擋路集 B (|B|=37) = [20, 33, 38, 44, 66, 84, 226, 245, 246, 273, 286, 300, 333, 334, 340, 382, 431, 466, 469, 516, 549, 564, 597, 612, 709, 834, 838, 869, 878, 903, 953, 975, 997, 1001, 1029, 1041, 1047]
[08:47:56] r03b: SAT (呢個 S 冇證書可言), 刪 keep 目錄 /mnt/d/hadwiger/phase3e/keep/r03b (3521 檔, 14.05 GB)
[08:48:17] round 3 r03b: SAT → 擋路集 B (|B| = 37, 其中 33 粒喺 S_acc 入面) = [20, 33, 38, 44, 66, 84, 226, 245, 246, 273, 286, 300, 333, 334, 340, 382, 431, 466, 469, 516, 549, 564, 597, 612, 709, 834, 838, 869, 878, 903, 953, 975, 997, 1001, 1029, 1041, 1047]; 本輪累計排除 71 粒
[08:48:58] round 3 結算: blocked; 淨剪 0 (S_acc 310 → 310, |G₂′| 756, |G₃′| 1511); B 集合大小 [34, 37]; 輪 wall 0.66 h (延長 0 s); 用時 8.92 h; CPU 125.0 / 500 CPU-h; keep ['r02a']
[08:48:58] 自適應步幅: round 3 兩張都 SAT (|B| = [34, 37]) ⇒ 步幅 20 → 10, 下一輪用新步幅
[08:49:19] ===== round 4/6 (步幅 10): S_acc 310 + 10 → |S| = 320, |G₂′| = 746, |G₃′| = 1491 (未到 1441); 輪上限 6.00 h (+延長 ≤ 1.00 h, 預測 4.39 h); CPU 已用 125.0 / 500; wall 剩 51.1 h =====
[08:49:19] --- round 4 嘗試 r04a (1/2): 第一刀 (S_acc 310 + 候選表下 10 粒) ---
[08:49:39] [buildg2] S=320 粒 [1, 2, 3, 4, 5, 8, …]: G₂′ 746 點 4007 邊 (刪 2257 邊), 21257 子句, 釘 (172,11,166)=(1,2,3), 反 pair 4 條, sha 37b16372edaae934 → /home/user/hadwiger/phase3e/runs/p3e1_step/r04a/base.cnf
[08:49:49] r04a: march_cu -d 14 → 16384 個 cube (含 refuted leaves 0), 9.4 s
[08:50:09] r04a: cnc2k 第 1 次啟動 (time-budget 21549 s 累計, 已用 0 s, 硬殺 +24249 s = budget + drain, keep-dir /mnt/d/hadwiger/phase3e/keep/r04a)
[12:40:59] !! SAT 染色證書: 746 點染色, 缺色 0, 同色邊 0/4007, col(u)=1 col(v)=3 → 逐邊覆核通過 ✓ (S 含必要頂點) (/home/user/hadwiger/phase3e/runs/p3e1_step/r04a/G2minus_320v.col)
[r04a_G2minus_320v] S=320 粒 → 貪心放返 (試 204 種次序, |B| 分佈 {'38': 6, '39': 9, '40': 26, '41': 50, '42': 42, '43': 35, '44': 25, '45': 9, '46': 1, '47': 1}) 最細擋住集 B = [16, 33, 67, 69, 77, 85, 105, 109, 115, 133, 164, 171, 276, 287, 317, 340, 345, 394, 431, 508, 543, 547, 590, 695, 759, 771, 822, 837, 932, 940, 946, 963, 968, 993, 1003, 1057, 1064, 1066] (|B|=38, 次序 random_10); 證書: G₂−B 染色 1028 點, 5969/5969 條邊異色 ✓, col(u)=1 ≠ col(v)=3 → /home/user/hadwiger/phase3e/runs/p3e1_step/r04a/witness/r04a_G2minus_320v_minus_blocked.col
[12:41:56] r04a: SAT —— cube 16384, leaf 完成 15466, mean solve 6.308 s, mean s+v 12.237 s (G₂recon ×2.78, 最長 190.9 s), wall 13957 s (3.88 h = 54.3 CPU-h), 擋路集 B (|B|=38) = [16, 33, 67, 69, 77, 85, 105, 109, 115, 133, 164, 171, 276, 287, 317, 340, 345, 394, 431, 508, 543, 547, 590, 695, 759, 771, 822, 837, 932, 940, 946, 963, 968, 993, 1003, 1057, 1064, 1066]
[12:42:26] r04a: SAT (呢個 S 冇證書可言), 刪 keep 目錄 /mnt/d/hadwiger/phase3e/keep/r04a (15467 檔, 120.61 GB)
[12:42:48] round 4 r04a: SAT → 擋路集 B (|B| = 38, 其中 33 粒喺 S_acc 入面) = [16, 33, 67, 69, 77, 85, 105, 109, 115, 133, 164, 171, 276, 287, 317, 340, 345, 394, 431, 508, 543, 547, 590, 695, 759, 771, 822, 837, 932, 940, 946, 963, 968, 993, 1003, 1057, 1064, 1066]; 本輪累計排除 38 粒
[12:43:10] --- round 4 嘗試 r04b (2/2): 排除本輪擋路集 38 粒後由候選表補足 38 粒 ---
[12:43:30] [buildg2] S=320 粒 [1, 2, 3, 4, 5, 8, …]: G₂′ 746 點 3988 邊 (刪 2276 邊), 21181 子句, 釘 (172,6,164)=(1,2,3), 反 pair 4 條, sha 1aed860f7131ab50 → /home/user/hadwiger/phase3e/runs/p3e1_step/r04b/base.cnf
[12:43:40] r04b: march_cu -d 14 → 16328 個 cube (含 refuted leaves 48), 9.9 s
[12:44:04] r04b: cnc2k 第 1 次啟動 (time-budget 7517 s 累計, 已用 0 s, 硬殺 +10217 s = budget + drain, keep-dir /mnt/d/hadwiger/phase3e/keep/r04b)
[12:51:14] !! SAT 染色證書: 746 點染色, 缺色 0, 同色邊 0/3988, col(u)=1 col(v)=3 → 逐邊覆核通過 ✓ (S 含必要頂點) (/home/user/hadwiger/phase3e/runs/p3e1_step/r04b/G2minus_320v.col)
[r04b_G2minus_320v] S=320 粒 → 貪心放返 (試 204 種次序, |B| 分佈 {'23': 15, '24': 39, '25': 48, '26': 48, '27': 22, '28': 15, '29': 10, '30': 7}) 最細擋住集 B = [68, 78, 166, 197, 384, 486, 554, 583, 588, 679, 688, 812, 846, 865, 878, 921, 969, 995, 1022, 1026, 1047, 1054, 1058] (|B|=23, 次序 index_desc); 證書: G₂−B 染色 1043 點, 6078/6078 條邊異色 ✓, col(u)=1 ≠ col(v)=3 → /home/user/hadwiger/phase3e/runs/p3e1_step/r04b/witness/r04b_G2minus_320v_minus_blocked.col
[12:51:37] r04b: SAT —— cube 16328, leaf 完成 2385, mean solve 1.328 s, mean s+v 2.423 s (G₂recon ×0.55, 最長 29.1 s), wall 507 s (0.14 h = 2.0 CPU-h), 擋路集 B (|B|=23) = [68, 78, 166, 197, 384, 486, 554, 583, 588, 679, 688, 812, 846, 865, 878, 921, 969, 995, 1022, 1026, 1047, 1054, 1058]
[12:51:41] r04b: SAT (呢個 S 冇證書可言), 刪 keep 目錄 /mnt/d/hadwiger/phase3e/keep/r04b (2385 檔, 4.81 GB)
[12:52:02] round 4 r04b: SAT → 擋路集 B (|B| = 23, 其中 16 粒喺 S_acc 入面) = [68, 78, 166, 197, 384, 486, 554, 583, 588, 679, 688, 812, 846, 865, 878, 921, 969, 995, 1022, 1026, 1047, 1054, 1058]; 本輪累計排除 61 粒
[12:52:52] round 4 結算: blocked; 淨剪 0 (S_acc 310 → 310, |G₂′| 756, |G₃′| 1511); B 集合大小 [38, 23]; 輪 wall 4.06 h (延長 0 s); 用時 12.99 h; CPU 181.3 / 500 CPU-h; keep ['r02a']
[12:52:52] 自適應步幅: round 4 兩張都 SAT (|B| = [38, 23]) ⇒ 步幅 10 → 5, 下一輪用新步幅
[12:53:14] ===== round 5/6 (步幅 5): S_acc 310 + 5 → |S| = 315, |G₂′| = 751, |G₃′| = 1501 (未到 1441); 輪上限 6.00 h (+延長 ≤ 1.00 h, 預測 4.39 h); CPU 已用 181.3 / 500; wall 剩 47.0 h =====
[12:53:14] --- round 5 嘗試 r05a (1/2): 第一刀 (S_acc 310 + 候選表下 5 粒) ---
[12:53:37] [buildg2] S=315 粒 [1, 2, 3, 4, 5, 8, …]: G₂′ 751 點 4043 邊 (刪 2221 邊), 21436 子句, 釘 (172,11,166)=(1,2,3), 反 pair 4 條, sha 1516417ea9ba4cee → /home/user/hadwiger/phase3e/runs/p3e1_step/r05a/base.cnf
[12:53:47] r05a: march_cu -d 14 → 16382 個 cube (含 refuted leaves 2), 9.8 s
[12:54:10] r05a: cnc2k 第 1 次啟動 (time-budget 21544 s 累計, 已用 0 s, 硬殺 +24244 s = budget + drain, keep-dir /mnt/d/hadwiger/phase3e/keep/r05a)
[17:02:51] r05a: certified —— cube 16382, leaf 完成 16382, mean solve 6.078 s, mean s+v 11.771 s (G₂recon ×2.68, 最長 125.5 s), wall 14977 s (4.16 h = 58.2 CPU-h), leaf 證明保留 16382/16382 (144.84 GB, 搬失敗 0)
[17:04:32]   [G3″] S = 315 粒 G₂ 頂點刪走 → G₂′ 751 點 4043 邊; G₃′ = G₂′ ∪ ρ(G₂′) 1501 點 8088 邊 (G₃ 少咗 630 點 4442 邊)
[17:04:32]   [complete G2p] ✓ [G2p.cvtx] 邊表 == 點集嘅完整單位距離圖 ✓ (4043 條)
[17:04:32]   [complete G3p] ✓ [G3p.cvtx] 邊表 == 點集嘅完整單位距離圖 ✓ (8088 條)
[17:04:32]   [L2″] identity: V(G₂′) ⊂ V(G₃′) (751 點 injective) ✓, E(G₂′) 4043/4043 映落 E(G₃′) ✓; ρ: 751 點 injective ✓, E(G₂′) 4043/4043 映落 E(G₃′) ✓; u′=#109 v′=#709 ρ(v)′=#1459; 邊 v′–ρ(v)′ ✓
[17:04:32]   [L3″] G₃′ 4 色 CNF + 16 引理 (6004 變量 33872 子句, 釘 (1, 2, 93)): kissat UNSAT 0.01s; DRAT 1121 行; drat-trim s VERIFIED ✓
[17:04:32]   [spindle A] G₃′ 1501 點 8088 邊: 菱形 510 個, Moser spindle copies = 0 ✓ (0.01s; 由 G₃ 遺傳, 照跑記錄)
[17:04:32]   [spindle B] spindlefind both: rc=0 ✓
[17:04:32]   [l3g2] 全部通過 ✓: G₂′ 751 點, G₃′ 1501 點 8088 邊; 完整性 ✓/✓, L2″ ✓, L3″ UNSAT VERIFIED ✓, spindle A copies=0 (47.5s)
[17:04:54]   [5 色] [G3p_5col] 1501 點 8088 邊, k=5: CNF 7505 變量 41944 子句, 三角形釘色 (1, 2, 93), 同色對 None; solver=kissat, timeout=3600s
[17:05:51] 封存: r05a 已認證 ⇒ 刪上一輪 r02a 嘅 keep 目錄 /mnt/d/hadwiger/phase3e/keep/r02a (17201 檔, 144.32 GB)
[17:06:11] round 5 結算: certified; 淨剪 5 (S_acc 310 → 315, |G₂′| 751, |G₃′| 1501); B 集合大小 []; 輪 wall 4.21 h (延長 0 s); 用時 17.21 h; CPU 239.5 / 500 CPU-h; keep ['r05a']
[17:06:31] ===== round 6/6 (步幅 5): S_acc 315 + 5 → |S| = 320, |G₂′| = 746, |G₃′| = 1491 (未到 1441); 輪上限 6.00 h (+延長 ≤ 1.00 h, 預測 4.58 h); CPU 已用 239.5 / 500; wall 剩 42.8 h =====
[17:06:31] --- round 6 嘗試 r06a (1/2): 第一刀 (S_acc 315 + 候選表下 5 粒) ---
[17:06:53] [buildg2] S=320 粒 [1, 2, 3, 4, 5, 8, …]: G₂′ 746 點 4007 邊 (刪 2257 邊), 21257 子句, 釘 (172,11,166)=(1,2,3), 反 pair 4 條, sha 37b16372edaae934 → /home/user/hadwiger/phase3e/runs/p3e1_step/r06a/base.cnf
[17:07:02] r06a: march_cu -d 14 → 16384 個 cube (含 refuted leaves 0), 9.3 s
[17:07:22] r06a: cnc2k 第 1 次啟動 (time-budget 21549 s 累計, 已用 0 s, 硬殺 +24249 s = budget + drain, keep-dir /mnt/d/hadwiger/phase3e/keep/r06a)
[20:51:47] !! SAT 染色證書: 746 點染色, 缺色 0, 同色邊 0/4007, col(u)=1 col(v)=3 → 逐邊覆核通過 ✓ (S 含必要頂點) (/home/user/hadwiger/phase3e/runs/p3e1_step/r06a/G2minus_320v.col)
[r06a_G2minus_320v] S=320 粒 → 貪心放返 (試 204 種次序, |B| 分佈 {'38': 6, '39': 9, '40': 26, '41': 50, '42': 42, '43': 35, '44': 25, '45': 9, '46': 1, '47': 1}) 最細擋住集 B = [16, 33, 67, 69, 77, 85, 105, 109, 115, 133, 164, 171, 276, 287, 317, 340, 345, 394, 431, 508, 543, 547, 590, 695, 759, 771, 822, 837, 932, 940, 946, 963, 968, 993, 1003, 1057, 1064, 1066] (|B|=38, 次序 random_10); 證書: G₂−B 染色 1028 點, 5969/5969 條邊異色 ✓, col(u)=1 ≠ col(v)=3 → /home/user/hadwiger/phase3e/runs/p3e1_step/r06a/witness/r06a_G2minus_320v_minus_blocked.col
[20:53:26] r06a: SAT —— cube 16384, leaf 完成 15466, mean solve 6.139 s, mean s+v 11.895 s (G₂recon ×2.7, 最長 177.8 s), wall 13615 s (3.78 h = 52.9 CPU-h), 擋路集 B (|B|=38) = [16, 33, 67, 69, 77, 85, 105, 109, 115, 133, 164, 171, 276, 287, 317, 340, 345, 394, 431, 508, 543, 547, 590, 695, 759, 771, 822, 837, 932, 940, 946, 963, 968, 993, 1003, 1057, 1064, 1066]
[20:55:34] r06a: SAT (呢個 S 冇證書可言), 刪 keep 目錄 /mnt/d/hadwiger/phase3e/keep/r06a (15466 檔, 120.60 GB)
[20:58:38] round 6 r06a: SAT → 擋路集 B (|B| = 38, 其中 35 粒喺 S_acc 入面) = [16, 33, 67, 69, 77, 85, 105, 109, 115, 133, 164, 171, 276, 287, 317, 340, 345, 394, 431, 508, 543, 547, 590, 695, 759, 771, 822, 837, 932, 940, 946, 963, 968, 993, 1003, 1057, 1064, 1066]; 本輪累計排除 38 粒
[21:01:30] --- round 6 嘗試 r06b (2/2): 排除本輪擋路集 38 粒後由候選表補足 38 粒 ---
[21:03:09] [buildg2] S=320 粒 [1, 2, 3, 4, 5, 8, …]: G₂′ 746 點 3988 邊 (刪 2276 邊), 21181 子句, 釘 (172,6,164)=(1,2,3), 反 pair 4 條, sha 1aed860f7131ab50 → /home/user/hadwiger/phase3e/runs/p3e1_step/r06b/base.cnf
[21:03:19] r06b: march_cu -d 14 → 16328 個 cube (含 refuted leaves 48), 9.8 s
[21:04:17] r06b: cnc2k 第 1 次啟動 (time-budget 7372 s 累計, 已用 0 s, 硬殺 +10072 s = budget + drain, keep-dir /mnt/d/hadwiger/phase3e/keep/r06b)
[21:11:29] !! SAT 染色證書: 746 點染色, 缺色 0, 同色邊 0/3988, col(u)=1 col(v)=3 → 逐邊覆核通過 ✓ (S 含必要頂點) (/home/user/hadwiger/phase3e/runs/p3e1_step/r06b/G2minus_320v.col)
[r06b_G2minus_320v] S=320 粒 → 貪心放返 (試 204 種次序, |B| 分佈 {'23': 15, '24': 39, '25': 48, '26': 48, '27': 22, '28': 15, '29': 10, '30': 7}) 最細擋住集 B = [68, 78, 166, 197, 384, 486, 554, 583, 588, 679, 688, 812, 846, 865, 878, 921, 969, 995, 1022, 1026, 1047, 1054, 1058] (|B|=23, 次序 index_desc); 證書: G₂−B 染色 1043 點, 6078/6078 條邊異色 ✓, col(u)=1 ≠ col(v)=3 → /home/user/hadwiger/phase3e/runs/p3e1_step/r06b/witness/r06b_G2minus_320v_minus_blocked.col
[21:13:28] r06b: SAT —— cube 16328, leaf 完成 2385, mean solve 1.33 s, mean s+v 2.428 s (G₂recon ×0.55, 最長 28.0 s), wall 719 s (0.20 h = 2.8 CPU-h), 擋路集 B (|B|=23) = [68, 78, 166, 197, 384, 486, 554, 583, 588, 679, 688, 812, 846, 865, 878, 921, 969, 995, 1022, 1026, 1047, 1054, 1058]
[21:13:44] r06b: SAT (呢個 S 冇證書可言), 刪 keep 目錄 /mnt/d/hadwiger/phase3e/keep/r06b (2385 檔, 4.81 GB)
[21:15:06] round 6 r06b: SAT → 擋路集 B (|B| = 23, 其中 16 粒喺 S_acc 入面) = [68, 78, 166, 197, 384, 486, 554, 583, 588, 679, 688, 812, 846, 865, 878, 921, 969, 995, 1022, 1026, 1047, 1054, 1058]; 本輪累計排除 61 粒
[21:19:10] round 6 結算: blocked; 淨剪 0 (S_acc 315 → 315, |G₂′| 751, |G₃′| 1501); B 集合大小 [38, 23]; 輪 wall 4.19 h (延長 0 s); 用時 21.43 h; CPU 295.3 / 500 CPU-h; keep ['r05a']
[21:20:04] PROBE3E DONE: 步幅去到 5 仍然兩張都 SAT (round 6, |B| = [38, 23]) —— 停, 報告
