c down fraction = 0.020 and down exponent = 0.300
c cubes are emitted to /home/user/hadwiger/phase3e/runs/p3e1_step/r05a/cubes_d14.icnf
c the DIMACS p-line indicates a CNF of 4264 variables and 21436 clauses.
c equivalence reasoning is turned off.
c clause-length heuristic with magic constants: bin = 25.00 and dec = 0.50
c init_lookahead: longest clause has size 4
c number of free variables = 2943
c highest active variable  = 4260
c dynamic_preselect_setsize :: off
c |----------------------------------------------------------------|
c
c
c
c
c
c
c
cc |----------------------------------------------------------------|
c |*
c |**
c |***
c |****
c |*****
c |******
c |*******
c |********
c |*********
c |**********
c |***********
c |************
c |*************
c |**************
c |***************
c |****************
c |*****************
c |******************
c |*******************
c |********************
c |*********************
c |**********************
c |***********************
c |************************
c |*************************
c |**************************
c |***************************
c |****************************
c |*****************************
c |******************************
c |*******************************
c |********************************
c |*********************************
c |**********************************
c |***********************************
c |************************************
c |*************************************
c |**************************************
c |***************************************
c |****************************************
c |*****************************************
c |******************************************
c |*******************************************
c |********************************************
c |*********************************************
c |**********************************************
c |***********************************************
c |************************************************
c |*************************************************
c |**************************************************
c |***************************************************
c |****************************************************
c |*****************************************************
c |******************************************************
c |*******************************************************
c |********************************************************
c |*********************************************************
c |**********************************************************
c |***********************************************************
c |************************************************************
c |*************************************************************
c |**************************************************************
c |***************************************************************
c |****************************************************************
c |****************************************************************
c
c main():: nodeCount: 0
c main():: dead ends in main: 0
c main():: lookAheadCount: 28329591
c main():: unitResolveCount: 530800
c time = 9.77 seconds
c main():: necessary_assignments: 316
c print learnt clauses and cubes
c number of cubes 16382, including 2 refuted leaves
c average weight cubes 2533.162, average weights leaves 2429.000
